[2024-11-02 12:51:36,560] [INFO]  root path = /smt-transactional-consistency-artifact/scripts/..
[2024-11-02 12:51:36,560] [INFO]  history path = /smt-transactional-consistency-artifact/scripts/../history/ser/scalability
[2024-11-02 12:51:36,560] [INFO]  checker path = /smt-transactional-consistency-artifact/scripts/../builddir-release-20w/checker
[2024-11-02 12:51:36,560] [INFO]  solver = acyclic-minisat
[2024-11-02 12:51:36,560] [INFO]  pruning method = fast
[2024-11-02 12:51:36,560] [INFO]  use 1 thread(s)
[2024-11-02 12:51:36,560] [INFO]  output path = /smt-transactional-consistency-artifact/scripts/../results/scalability-100k.json
[2024-11-02 12:51:36,561] [INFO]  thread 0 starts running task 50_2000_20_50000_0.2_r_0.5_0.5_1000
[2024-11-02 12:51:36,561] [DEBUG]  thread 0 runs cmd ['timeout', '24h', '/smt-transactional-consistency-artifact/scripts/../builddir-release-20w/checker', '/smt-transactional-consistency-artifact/scripts/../history/ser/scalability/50_2000_20_50000_0.2_r_0.5_0.5_1000/hist-00000/history.bincode', '--solver', 'acyclic-minisat', '--history-type', 'dbcop', '--pruning', 'fast']
[2024-11-03 00:23:44,059] [DEBUG]  thread finished checking 50_2000_20_50000_0.2_r_0.5_0.5_1000, stdout = [2024-11-02 12:51:36.814871] [0x000014f02416cb80] [info]    #sessions: 51
[2024-11-02 12:51:36.814962] [0x000014f02416cb80] [info]    #transactions: 100001
[2024-11-02 12:51:36.816415] [0x000014f02416cb80] [info]    #events: 2050000
[2024-11-02 15:24:21.795259] [0x000014f02416cb80] [info]    #constraints: 72762861
[2024-11-02 15:26:20.935417] [0x000014f02416cb80] [info]    construct time: 9284358ms
[2024-11-02 16:12:49.338665] [0x000014f02416cb80] [info]    prune time: 2788403ms
[2024-11-02 16:14:09.649588] [0x000014f02416cb80] [info]    solver initializing time: 80309ms
[2024-11-03 00:21:25.800010] [0x000014f02416cb80] [info]    solve time: 29236151ms
accept: true
, stderr = #vars: 522547
[Monitor]
find_cycle_times: 1622
avg cycle length = 3.17386
width = 13, count = 1
width = 8, count = 6
width = 9, count = 3
width = 6, count = 55
width = 7, count = 24
width = 5, count = 133
width = 4, count = 278
width = 3, count = 541
width = 2, count = 581


[Suffix Sum]
1622
1622
1041
500
222
89
34
10
4
1
1
1
1

find cycle times/add edge times = 1.61626e-05

(ICD graph)
#call PK algo times: 123420452
#dfs times: 9390
#find cycle times: 1622
#dfs iter on edge times: 123677702

[2024-11-03 00:23:44,060] [DEBUG]  thread 0 starts parsing logs of task 50_2000_20_50000_0.2_r_0.5_0.5_1000, max memory = 1040384, logs = ['[2024-11-02 12:51:36.814871] [0x000014f02416cb80] [info]    #sessions: 51', '[2024-11-02 12:51:36.814962] [0x000014f02416cb80] [info]    #transactions: 100001', '[2024-11-02 12:51:36.816415] [0x000014f02416cb80] [info]    #events: 2050000', '[2024-11-02 15:24:21.795259] [0x000014f02416cb80] [info]    #constraints: 72762861', '[2024-11-02 15:26:20.935417] [0x000014f02416cb80] [info]    construct time: 9284358ms', '[2024-11-02 16:12:49.338665] [0x000014f02416cb80] [info]    prune time: 2788403ms', '[2024-11-02 16:14:09.649588] [0x000014f02416cb80] [info]    solver initializing time: 80309ms', '[2024-11-03 00:21:25.800010] [0x000014f02416cb80] [info]    solve time: 29236151ms', 'accept: true', '']
[2024-11-03 00:23:44,060] [DEBUG]  thread 0 updates results['50_2000_20_50000_0.2_r_0.5_0.5_1000']['max memory'] to '1040384'
[2024-11-03 00:23:44,060] [DEBUG]  thread 0 updates results['50_2000_20_50000_0.2_r_0.5_0.5_1000']['#sessions'] to '51'
[2024-11-03 00:23:44,060] [DEBUG]  thread 0 updates results['50_2000_20_50000_0.2_r_0.5_0.5_1000']['#transactions'] to '100001'
[2024-11-03 00:23:44,060] [DEBUG]  thread 0 updates results['50_2000_20_50000_0.2_r_0.5_0.5_1000']['#events'] to '2050000'
[2024-11-03 00:23:44,060] [DEBUG]  thread 0 updates results['50_2000_20_50000_0.2_r_0.5_0.5_1000']['#constraints'] to '72762861'
[2024-11-03 00:23:44,060] [DEBUG]  thread 0 updates results['50_2000_20_50000_0.2_r_0.5_0.5_1000']['construct time'] to '9284358ms'
[2024-11-03 00:23:44,060] [DEBUG]  thread 0 updates results['50_2000_20_50000_0.2_r_0.5_0.5_1000']['prune time'] to '2788403ms'
[2024-11-03 00:23:44,060] [DEBUG]  thread 0 updates results['50_2000_20_50000_0.2_r_0.5_0.5_1000']['solver initializing time'] to '80309ms'
[2024-11-03 00:23:44,060] [DEBUG]  thread 0 updates results['50_2000_20_50000_0.2_r_0.5_0.5_1000']['solve time'] to '29236151ms'
[2024-11-03 00:23:44,060] [DEBUG]  thread 0 updates results['50_2000_20_50000_0.2_r_0.5_0.5_1000']['accept'] to 'True'
[2024-11-03 00:23:44,061] [WARNING]  thread 0 found ''(empty line) in logs, skip
[2024-11-03 00:23:44,061] [INFO]  thread 0 finished task 50_2000_20_50000_0.2_r_0.5_0.5_1000
[2024-11-03 00:23:44,061] [INFO]  thread 0 starts running task 50_2000_20_50000_0.5_r_0.5_0.5_1000
[2024-11-03 00:23:44,061] [DEBUG]  thread 0 runs cmd ['timeout', '24h', '/smt-transactional-consistency-artifact/scripts/../builddir-release-20w/checker', '/smt-transactional-consistency-artifact/scripts/../history/ser/scalability/50_2000_20_50000_0.5_r_0.5_0.5_1000/hist-00000/history.bincode', '--solver', 'acyclic-minisat', '--history-type', 'dbcop', '--pruning', 'fast']
[2024-11-03 01:54:09,613] [DEBUG]  thread finished checking 50_2000_20_50000_0.5_r_0.5_0.5_1000, stdout = [2024-11-03 00:23:44.313794] [0x0000148653fb6b80] [info]    #sessions: 51
[2024-11-03 00:23:44.313875] [0x0000148653fb6b80] [info]    #transactions: 100001
[2024-11-03 00:23:44.315343] [0x0000148653fb6b80] [info]    #events: 2050000
[2024-11-03 00:45:59.000014] [0x0000148653fb6b80] [info]    #constraints: 29512141
[2024-11-03 00:46:43.267462] [0x0000148653fb6b80] [info]    construct time: 1379191ms
[2024-11-03 01:08:27.704050] [0x0000148653fb6b80] [info]    prune time: 1304436ms
[2024-11-03 01:09:22.181786] [0x0000148653fb6b80] [info]    solver initializing time: 54475ms
[2024-11-03 01:52:48.778306] [0x0000148653fb6b80] [info]    solve time: 2606598ms
accept: true
, stderr = #vars: 116708
[Monitor]
find_cycle_times: 250
avg cycle length = 2.436
width = 6, count = 1
width = 5, count = 5
width = 4, count = 18
width = 2, count = 172
width = 3, count = 54


[Suffix Sum]
250
250
78
24
6
1

find cycle times/add edge times = 5.51993e-05

(ICD graph)
#call PK algo times: 7264628
#dfs times: 5009
#find cycle times: 250
#dfs iter on edge times: 32343551

[2024-11-03 01:54:09,614] [DEBUG]  thread 0 starts parsing logs of task 50_2000_20_50000_0.5_r_0.5_0.5_1000, max memory = 2019328, logs = ['[2024-11-03 00:23:44.313794] [0x0000148653fb6b80] [info]    #sessions: 51', '[2024-11-03 00:23:44.313875] [0x0000148653fb6b80] [info]    #transactions: 100001', '[2024-11-03 00:23:44.315343] [0x0000148653fb6b80] [info]    #events: 2050000', '[2024-11-03 00:45:59.000014] [0x0000148653fb6b80] [info]    #constraints: 29512141', '[2024-11-03 00:46:43.267462] [0x0000148653fb6b80] [info]    construct time: 1379191ms', '[2024-11-03 01:08:27.704050] [0x0000148653fb6b80] [info]    prune time: 1304436ms', '[2024-11-03 01:09:22.181786] [0x0000148653fb6b80] [info]    solver initializing time: 54475ms', '[2024-11-03 01:52:48.778306] [0x0000148653fb6b80] [info]    solve time: 2606598ms', 'accept: true', '']
[2024-11-03 01:54:09,614] [DEBUG]  thread 0 updates results['50_2000_20_50000_0.5_r_0.5_0.5_1000']['max memory'] to '2019328'
[2024-11-03 01:54:09,614] [DEBUG]  thread 0 updates results['50_2000_20_50000_0.5_r_0.5_0.5_1000']['#sessions'] to '51'
[2024-11-03 01:54:09,614] [DEBUG]  thread 0 updates results['50_2000_20_50000_0.5_r_0.5_0.5_1000']['#transactions'] to '100001'
[2024-11-03 01:54:09,614] [DEBUG]  thread 0 updates results['50_2000_20_50000_0.5_r_0.5_0.5_1000']['#events'] to '2050000'
[2024-11-03 01:54:09,614] [DEBUG]  thread 0 updates results['50_2000_20_50000_0.5_r_0.5_0.5_1000']['#constraints'] to '29512141'
[2024-11-03 01:54:09,614] [DEBUG]  thread 0 updates results['50_2000_20_50000_0.5_r_0.5_0.5_1000']['construct time'] to '1379191ms'
[2024-11-03 01:54:09,614] [DEBUG]  thread 0 updates results['50_2000_20_50000_0.5_r_0.5_0.5_1000']['prune time'] to '1304436ms'
[2024-11-03 01:54:09,614] [DEBUG]  thread 0 updates results['50_2000_20_50000_0.5_r_0.5_0.5_1000']['solver initializing time'] to '54475ms'
[2024-11-03 01:54:09,614] [DEBUG]  thread 0 updates results['50_2000_20_50000_0.5_r_0.5_0.5_1000']['solve time'] to '2606598ms'
[2024-11-03 01:54:09,615] [DEBUG]  thread 0 updates results['50_2000_20_50000_0.5_r_0.5_0.5_1000']['accept'] to 'True'
[2024-11-03 01:54:09,615] [WARNING]  thread 0 found ''(empty line) in logs, skip
[2024-11-03 01:54:09,615] [INFO]  thread 0 finished task 50_2000_20_50000_0.5_r_0.5_0.5_1000
[2024-11-03 01:54:09,615] [INFO]  thread 0 starts running task 50_2000_20_50000_0.8_r_0.5_0.5_1000
[2024-11-03 01:54:09,615] [DEBUG]  thread 0 runs cmd ['timeout', '24h', '/smt-transactional-consistency-artifact/scripts/../builddir-release-20w/checker', '/smt-transactional-consistency-artifact/scripts/../history/ser/scalability/50_2000_20_50000_0.8_r_0.5_0.5_1000/hist-00000/history.bincode', '--solver', 'acyclic-minisat', '--history-type', 'dbcop', '--pruning', 'fast']
[2024-11-03 02:09:55,122] [DEBUG]  thread finished checking 50_2000_20_50000_0.8_r_0.5_0.5_1000, stdout = [2024-11-03 01:54:09.869018] [0x000014616045db80] [info]    #sessions: 51
[2024-11-03 01:54:09.869099] [0x000014616045db80] [info]    #transactions: 100001
[2024-11-03 01:54:09.870489] [0x000014616045db80] [info]    #events: 2050000
[2024-11-03 01:54:59.467917] [0x000014616045db80] [info]    #constraints: 6303295
[2024-11-03 01:55:07.515075] [0x000014616045db80] [info]    construct time: 57885ms
[2024-11-03 02:02:28.909302] [0x000014616045db80] [info]    prune time: 441394ms
[2024-11-03 02:02:53.310949] [0x000014616045db80] [info]    solver initializing time: 24399ms
[2024-11-03 02:09:19.164831] [0x000014616045db80] [info]    solve time: 385856ms
accept: true
, stderr = #vars: 13840
[Monitor]
find_cycle_times: 11
avg cycle length = 2.27273
width = 2, count = 8
width = 3, count = 3


[Suffix Sum]
11
11
3

find cycle times/add edge times = 0.000327186

(ICD graph)
#call PK algo times: 77530
#dfs times: 1596
#find cycle times: 11
#dfs iter on edge times: 4510388

[2024-11-03 02:09:55,122] [DEBUG]  thread 0 starts parsing logs of task 50_2000_20_50000_0.8_r_0.5_0.5_1000, max memory = 1044480, logs = ['[2024-11-03 01:54:09.869018] [0x000014616045db80] [info]    #sessions: 51', '[2024-11-03 01:54:09.869099] [0x000014616045db80] [info]    #transactions: 100001', '[2024-11-03 01:54:09.870489] [0x000014616045db80] [info]    #events: 2050000', '[2024-11-03 01:54:59.467917] [0x000014616045db80] [info]    #constraints: 6303295', '[2024-11-03 01:55:07.515075] [0x000014616045db80] [info]    construct time: 57885ms', '[2024-11-03 02:02:28.909302] [0x000014616045db80] [info]    prune time: 441394ms', '[2024-11-03 02:02:53.310949] [0x000014616045db80] [info]    solver initializing time: 24399ms', '[2024-11-03 02:09:19.164831] [0x000014616045db80] [info]    solve time: 385856ms', 'accept: true', '']
[2024-11-03 02:09:55,122] [DEBUG]  thread 0 updates results['50_2000_20_50000_0.8_r_0.5_0.5_1000']['max memory'] to '1044480'
[2024-11-03 02:09:55,122] [DEBUG]  thread 0 updates results['50_2000_20_50000_0.8_r_0.5_0.5_1000']['#sessions'] to '51'
[2024-11-03 02:09:55,123] [DEBUG]  thread 0 updates results['50_2000_20_50000_0.8_r_0.5_0.5_1000']['#transactions'] to '100001'
[2024-11-03 02:09:55,123] [DEBUG]  thread 0 updates results['50_2000_20_50000_0.8_r_0.5_0.5_1000']['#events'] to '2050000'
[2024-11-03 02:09:55,123] [DEBUG]  thread 0 updates results['50_2000_20_50000_0.8_r_0.5_0.5_1000']['#constraints'] to '6303295'
[2024-11-03 02:09:55,123] [DEBUG]  thread 0 updates results['50_2000_20_50000_0.8_r_0.5_0.5_1000']['construct time'] to '57885ms'
[2024-11-03 02:09:55,123] [DEBUG]  thread 0 updates results['50_2000_20_50000_0.8_r_0.5_0.5_1000']['prune time'] to '441394ms'
[2024-11-03 02:09:55,123] [DEBUG]  thread 0 updates results['50_2000_20_50000_0.8_r_0.5_0.5_1000']['solver initializing time'] to '24399ms'
[2024-11-03 02:09:55,123] [DEBUG]  thread 0 updates results['50_2000_20_50000_0.8_r_0.5_0.5_1000']['solve time'] to '385856ms'
[2024-11-03 02:09:55,123] [DEBUG]  thread 0 updates results['50_2000_20_50000_0.8_r_0.5_0.5_1000']['accept'] to 'True'
[2024-11-03 02:09:55,123] [WARNING]  thread 0 found ''(empty line) in logs, skip
[2024-11-03 02:09:55,123] [INFO]  thread 0 finished task 50_2000_20_50000_0.8_r_0.5_0.5_1000
